[2026-06-08 22:36:16] Estrutura antiga encontrada. Removendo...
[2026-06-08 22:36:16] [OK] Estrutura antiga removida.
[2026-06-08 22:36:16] ==========================================
[2026-06-08 22:36:16] CRIANDO ESTRUTURA DE DIRETÓRIOS - Hospital DC
[2026-06-08 22:36:16] ==========================================
[2026-06-08 22:36:16] [OK] Diretório criado: /app/hospital/pacientes
[2026-06-08 22:36:16] [OK] Diretório criado: /app/hospital/consultas
[2026-06-08 22:36:16] [OK] Diretório criado: /app/hospital/prontuarios
[2026-06-08 22:36:16] [OK] Diretório criado: /app/hospital/exames
[2026-06-08 22:36:16] [OK] Diretório criado: /app/hospital/internacoes
[2026-06-08 22:36:16] [OK] Diretório criado: /app/hospital/cirurgias
[2026-06-08 22:36:16] [OK] Diretório criado: /app/hospital/medicamentos
[2026-06-08 22:36:16] [OK] Diretório criado: /app/hospital/funcionarios
[2026-06-08 22:36:16] [OK] Diretório criado: /app/hospital/financeiro
[2026-06-08 22:36:16] [OK] Diretório criado: /app/hospital/logs
[2026-06-08 22:36:16] [OK] Diretório criado: /app/hospital/backups
[2026-06-08 22:36:16] [OK] Diretório criado: /app/hospital/relatorios
[2026-06-08 22:36:16] [OK] Diretório criado: /app/hospital/emergencia
[2026-06-08 22:36:16] [OK] Arquivos iniciais criados nos setores.
[2026-06-08 22:36:16] Estrutura de diretórios exibida com sucesso.
